MemTotal:       20522460 kB
MemFree:        11141556 kB
MemAvailable:   13765484 kB
Buffers:             140 kB
Cached:          4653864 kB
SwapCached:         4148 kB
Active:          2250188 kB
Inactive:        2801288 kB
Active(anon):    2080496 kB
Inactive(anon):  2714892 kB
Active(file):     169692 kB
Inactive(file):    86396 kB
Unevictable:           0 kB
Mlocked:               0 kB
SwapTotal:      21571028 kB
SwapFree:       21244420 kB
Dirty:               192 kB
Writeback:             0 kB
AnonPages:        386976 kB
Mapped:          1265180 kB
Shmem:           4397928 kB
KReclaimable:    2657408 kB
Slab:            3437456 kB
SReclaimable:    2657408 kB
SUnreclaim:       780048 kB
KernelStack:       11584 kB
PageTables:        37868 kB
SecPageTables:         0 kB
NFS_Unstable:          0 kB
Bounce:                0 kB
WritebackTmp:          0 kB
CommitLimit:    31832256 kB
Committed_AS:   11611408 kB
VmallocTotal:   135288315904 kB
VmallocUsed:      103072 kB
VmallocChunk:          0 kB
Percpu:             2640 kB
AnonHugePages:         0 kB
ShmemHugePages:        0 kB
ShmemPmdMapped:        0 kB
FileHugePages:         0 kB
FilePmdMapped:         0 kB
Balloon:               0 kB
