MemTotal:       20522460 kB
MemFree:        10103548 kB
MemAvailable:   12748036 kB
Buffers:             120 kB
Cached:          5477676 kB
SwapCached:         4156 kB
Active:          2745964 kB
Inactive:        3188964 kB
Active(anon):    2629744 kB
Inactive(anon):  3039160 kB
Active(file):     116220 kB
Inactive(file):   149804 kB
Unevictable:           0 kB
Mlocked:               0 kB
SwapTotal:      21571028 kB
SwapFree:       21239520 kB
Dirty:               192 kB
Writeback:             0 kB
AnonPages:        444912 kB
Mapped:          1442764 kB
Shmem:           5211788 kB
KReclaimable:    2668032 kB
Slab:            3472032 kB
SReclaimable:    2668032 kB
SUnreclaim:       804000 kB
KernelStack:       12736 kB
PageTables:        43440 kB
SecPageTables:         0 kB
NFS_Unstable:          0 kB
Bounce:                0 kB
WritebackTmp:          0 kB
CommitLimit:    31832256 kB
Committed_AS:   13193932 kB
VmallocTotal:   135288315904 kB
VmallocUsed:      103120 kB
VmallocChunk:          0 kB
Percpu:             2988 kB
AnonHugePages:         0 kB
ShmemHugePages:        0 kB
ShmemPmdMapped:        0 kB
FileHugePages:         0 kB
FilePmdMapped:         0 kB
Balloon:               0 kB
