MemTotal:       20522460 kB
MemFree:        11609360 kB
MemAvailable:   14323600 kB
Buffers:             140 kB
Cached:          4042136 kB
SwapCached:         3032 kB
Active:          2592852 kB
Inactive:        1836112 kB
Active(anon):    2465448 kB
Inactive(anon):  1713676 kB
Active(file):     127404 kB
Inactive(file):   122436 kB
Unevictable:           0 kB
Mlocked:               0 kB
SwapTotal:      21571028 kB
SwapFree:       21275924 kB
Dirty:               192 kB
Writeback:             0 kB
AnonPages:        377172 kB
Mapped:          1118832 kB
Shmem:           3792448 kB
KReclaimable:    2753968 kB
Slab:            3538368 kB
SReclaimable:    2753968 kB
SUnreclaim:       784400 kB
KernelStack:       11024 kB
PageTables:        36700 kB
SecPageTables:         0 kB
NFS_Unstable:          0 kB
Bounce:                0 kB
WritebackTmp:          0 kB
CommitLimit:    31832256 kB
Committed_AS:   10671108 kB
VmallocTotal:   135288315904 kB
VmallocUsed:      103048 kB
VmallocChunk:          0 kB
Percpu:             2640 kB
AnonHugePages:         0 kB
ShmemHugePages:        0 kB
ShmemPmdMapped:        0 kB
FileHugePages:         0 kB
FilePmdMapped:         0 kB
Balloon:               0 kB
