MemTotal:       20522460 kB
MemFree:        10476200 kB
MemAvailable:   13104588 kB
Buffers:             136 kB
Cached:          5382872 kB
SwapCached:         4148 kB
Active:          3374876 kB
Inactive:        2435564 kB
Active(anon):    3241456 kB
Inactive(anon):  2315428 kB
Active(file):     133420 kB
Inactive(file):   120136 kB
Unevictable:           0 kB
Mlocked:               0 kB
SwapTotal:      21571028 kB
SwapFree:       21244580 kB
Dirty:               180 kB
Writeback:             0 kB
AnonPages:        416276 kB
Mapped:          1435048 kB
Shmem:           5129464 kB
KReclaimable:    2664400 kB
Slab:            3466336 kB
SReclaimable:    2664400 kB
SUnreclaim:       801936 kB
KernelStack:       12400 kB
PageTables:        42088 kB
SecPageTables:         0 kB
NFS_Unstable:          0 kB
Bounce:                0 kB
WritebackTmp:          0 kB
CommitLimit:    31832256 kB
Committed_AS:   12892212 kB
VmallocTotal:   135288315904 kB
VmallocUsed:      103108 kB
VmallocChunk:          0 kB
Percpu:             2640 kB
AnonHugePages:         0 kB
ShmemHugePages:        0 kB
ShmemPmdMapped:        0 kB
FileHugePages:         0 kB
FilePmdMapped:         0 kB
Balloon:               0 kB
