
running 2 tests
test configure_worker_death_after_publication_preserves_prefix_and_uncertainty ... 
running 1 test
test fixture_prefix_worker ... ok

test result: ok. 1 passed; 0 failed; 0 ignored; 0 measured; 54 filtered out; finished in 0.96s


running 1 test
test fixture_prefix_worker ... ok

test result: ok. 1 passed; 0 failed; 0 ignored; 0 measured; 54 filtered out; finished in 1.72s


running 1 test

running 1 test
test fixture_prefix_recovery_worker ... ok

test result: ok. 1 passed; 0 failed; 0 ignored; 0 measured; 54 filtered out; finished in 28.97s

ok
test configure_worker_death_after_receipt_reconciles_exact_prefix_to_satisfied ... 
running 1 test
test fixture_prefix_worker ... ok

test result: ok. 1 passed; 0 failed; 0 ignored; 0 measured; 54 filtered out; finished in 0.87s


running 1 test
test fixture_prefix_worker ... ok

test result: ok. 1 passed; 0 failed; 0 ignored; 0 measured; 54 filtered out; finished in 1.82s


running 1 test

running 1 test
test fixture_prefix_recovery_worker ... ok

test result: ok. 1 passed; 0 failed; 0 ignored; 0 measured; 54 filtered out; finished in 34.23s

ok

test result: ok. 2 passed; 0 failed; 0 ignored; 0 measured; 53 filtered out; finished in 84.01s

{"invocation_only": {"exit": 0, "failure": null}, "qualification": "INCOMPLETE"}
