MemTotal:       20522460 kB
MemFree:         9717076 kB
MemAvailable:   13352944 kB
Buffers:             144 kB
Cached:          5110752 kB
SwapCached:         4188 kB
Active:          2565844 kB
Inactive:        2942980 kB
Active(anon):    2452992 kB
Inactive(anon):  1782252 kB
Active(file):     112852 kB
Inactive(file):  1160728 kB
Unevictable:           0 kB
Mlocked:               0 kB
SwapTotal:      21571028 kB
SwapFree:       21243520 kB
Dirty:               176 kB
Writeback:             0 kB
AnonPages:        387788 kB
Mapped:          1114784 kB
Shmem:           3837328 kB
KReclaimable:    2651856 kB
Slab:            3417760 kB
SReclaimable:    2651856 kB
SUnreclaim:       765904 kB
KernelStack:       11488 kB
PageTables:        39008 kB
SecPageTables:         0 kB
NFS_Unstable:          0 kB
Bounce:                0 kB
WritebackTmp:          0 kB
CommitLimit:    31832256 kB
Committed_AS:   10954060 kB
VmallocTotal:   135288315904 kB
VmallocUsed:      103060 kB
VmallocChunk:          0 kB
Percpu:             2640 kB
AnonHugePages:         0 kB
ShmemHugePages:        0 kB
ShmemPmdMapped:        0 kB
FileHugePages:         0 kB
FilePmdMapped:         0 kB
Balloon:               0 kB
