MemTotal:       20522460 kB
MemFree:         9380012 kB
MemAvailable:   12058844 kB
Buffers:             140 kB
Cached:          5587012 kB
SwapCached:         4156 kB
Active:          3429524 kB
Inactive:        2623524 kB
Active(anon):    3226720 kB
Inactive(anon):  2567112 kB
Active(file):     202804 kB
Inactive(file):    56412 kB
Unevictable:           0 kB
Mlocked:               0 kB
SwapTotal:      21571028 kB
SwapFree:       21228916 kB
Dirty:               180 kB
Writeback:             0 kB
AnonPages:        453720 kB
Mapped:          1463008 kB
Shmem:           5327948 kB
KReclaimable:    2709184 kB
Slab:            3532240 kB
SReclaimable:    2709184 kB
SUnreclaim:       823056 kB
KernelStack:       13184 kB
PageTables:        45492 kB
SecPageTables:         0 kB
NFS_Unstable:          0 kB
Bounce:                0 kB
WritebackTmp:          0 kB
CommitLimit:    31832256 kB
Committed_AS:   13781040 kB
VmallocTotal:   135288315904 kB
VmallocUsed:      103144 kB
VmallocChunk:          0 kB
Percpu:             3024 kB
AnonHugePages:         0 kB
ShmemHugePages:        0 kB
ShmemPmdMapped:        0 kB
FileHugePages:         0 kB
FilePmdMapped:         0 kB
Balloon:               0 kB
