100644 blob 899d47bf8f31b5092bcf9fa7de2395bb5b3ee8de	autopilot-proxmox/playbooks/_test_long_sleep.yml
100644 blob 326f3302d1ddd92b7d78632522d8b803938e0ca3	rust-controller/Cargo.lock
100644 blob 86d15c355c00ccde696a975243a01e18ee2ab2e2	rust-controller/Cargo.toml
100644 blob 27cbfe8dd59d5e48ef9ff232b37fd7509e5ee087	rust-controller/Dockerfile.test
100644 blob 409a9883b5dd4a993068e2769059df520e23d007	rust-controller/crates/ansible-adapter/Cargo.toml
100644 blob de68046189aeca759eeeae282b8e23f964ed387e	rust-controller/crates/ansible-adapter/src/contract.rs
100644 blob bff1c2d2de50d64a6af5006af3b8a3790bdee8f6	rust-controller/crates/ansible-adapter/src/lib.rs
100644 blob cd9bf280bf265dcdfef04a67ff90357f6fcb652d	rust-controller/crates/ansible-adapter/src/lifecycle_tests.rs
100644 blob f4aeb8c35ea2abadf72f5f440ee804cdcb9a6a90	rust-controller/crates/ansible-adapter/src/process_tests.rs
100644 blob 59b4788563e14da867e7fff601eec3fb964096ce	rust-controller/crates/ansible-adapter/src/process_tree.rs
100644 blob 02a395a3a6b514b74e851a8c2771a0cc50e4f0a5	rust-controller/crates/ansible-adapter/src/runner.rs
100644 blob 222cfaefe0c3494912ffe2bf995606b57aede4e4	rust-controller/crates/ansible-adapter/tests/allowlist.rs
100644 blob 72246aa88d787f14ee266c2deb87af9ba313436e	rust-controller/crates/ansible-adapter/tests/binding.rs
100644 blob b9f6a063640cfef984ce19687867bc0457c35137	rust-controller/crates/ansible-adapter/tests/native.rs
100644 blob 1b9ff6de9afddfe8f4488a1496bcf7d2b27b385a	rust-controller/crates/ansible-adapter/tests/support/mod.rs
100644 blob 94b4b7f4ad4c397e5b2de78cd1dab372fed4c39d	rust-controller/crates/api-compat/Cargo.toml
100644 blob 216b542df38c6db82744964cc02c271cae5c6b53	rust-controller/crates/api-compat/src/callback_contract.rs
100644 blob 06410ad0f895d831ee6dff1b6c2c59064c4d3ac8	rust-controller/crates/api-compat/src/job.rs
100644 blob 94f363b7937a80ab011ed754c4b339fac15e2741	rust-controller/crates/api-compat/src/lib.rs
100644 blob f4e7febb1d0dd15f974c1771ad8bfbfd4421fd4a	rust-controller/crates/api-compat/src/plan.rs
100644 blob 86f9684e0d63a615cc2db8e77c748474905b5052	rust-controller/crates/api-compat/src/run_bearer.rs
100644 blob cb19c30e83700cf93519bf2fba06ceb039ea2491	rust-controller/crates/api-compat/tests/callback_contract.rs
100644 blob bdee66a6759519dbaa2dda31fe3dd99a681d61b9	rust-controller/crates/artifact-index/Cargo.toml
100644 blob f0583961fb287f12f6032ffa85535d7e3747d311	rust-controller/crates/artifact-index/src/bytes.rs
100644 blob f06a73a9c39e9840b477c62896a11555b6a2e712	rust-controller/crates/artifact-index/src/descriptor.rs
100644 blob 40df13a6805955b23c209d3d54e4c360644760aa	rust-controller/crates/artifact-index/src/export_gate.rs
100644 blob a4a4f585a8b6fa47ca8fc345c689089a58161417	rust-controller/crates/artifact-index/src/lib.rs
100644 blob 580310782cb8f02d026658e51b51b7c32a707f32	rust-controller/crates/artifact-index/tests/bytes.rs
100644 blob 6273a0a61f70c5258cc9cd8a4a6a789aeb1e0d17	rust-controller/crates/artifact-index/tests/descriptor.rs
100644 blob dd54c8e9f604143d55d3a697233c9a8232237508	rust-controller/crates/artifact-index/tests/export_gate.rs
100644 blob ff4fe142f23aab2b55479d96a3bb5f6b156fd958	rust-controller/crates/controller-domain/Cargo.toml
100644 blob 65a0589b92778407ac1ce649f1c39422f46e6847	rust-controller/crates/controller-domain/src/command.rs
100644 blob 5d0c5eed3383027162127b696c3e627909870d7d	rust-controller/crates/controller-domain/src/evidence.rs
100644 blob e3fb8a27962fdd91bd79729c8c65d490ab085073	rust-controller/crates/controller-domain/src/id.rs
100644 blob bcccc8eae5ebca84ccb2fb0d98a5b7f57c5ad2f4	rust-controller/crates/controller-domain/src/lib.rs
100644 blob 4ad552e1c2cb04ca789c45bfd258545cbf3a1f14	rust-controller/crates/controller-domain/src/state.rs
100644 blob 1dcb00b4ffbaff9c8d494a05d59e8ab9212c414c	rust-controller/crates/controller-domain/src/transition.rs
100644 blob 78d866827906da7d8fb191f87388870b302a104b	rust-controller/crates/controller-service/Cargo.toml
100644 blob 75973d8f845241f4283185437f83084fa32ab1f1	rust-controller/crates/controller-service/build.rs
100644 blob 6c0364da226f8ad24c6603e44e2ed5e88c8cf50a	rust-controller/crates/controller-service/examples/seed.rs
100644 blob 50d456aacf6c60860ef09f63f40d28b568fd7b0a	rust-controller/crates/controller-service/examples/verify_adapter.rs
100644 blob d865bf3eb3f03109c43a06885aa15c07c5d5671b	rust-controller/crates/controller-service/src/config.rs
100644 blob 5a65cb9499b77758ba2c806453fe1d7584c27201	rust-controller/crates/controller-service/src/health.rs
100644 blob fb64843c209053390d45c82ec0c459b26f59d089	rust-controller/crates/controller-service/src/infrastructure_health.rs
100644 blob 9547c8220137a6aaf3396a633f9e1c52845709e9	rust-controller/crates/controller-service/src/infrastructure_observation.rs
100644 blob d7573f86d0ea3be723a98cf06f4da902a0f81eca	rust-controller/crates/controller-service/src/main.rs
100644 blob ea69c64dd7f8ff479e6b4a1aa6452072fe6c38f8	rust-controller/crates/controller-service/src/observe.rs
100644 blob b2d286b0cb609af81dadf55abcc9ddece384da7c	rust-controller/crates/controller-service/src/pve_credentials.rs
100644 blob 46c30eb8f8e1dbb7d59438f13246aaa65aa9cba9	rust-controller/crates/controller-service/src/pve_observation.rs
100644 blob 1e86835c8d4e7825db80555aa3310c666b56367b	rust-controller/crates/controller-service/src/runtime.rs
100644 blob 3af740c0ebb5d54643f3894c6b8952558dc67f32	rust-controller/crates/controller-service/src/runtime_tests.rs
100644 blob efa4002a9f2cde8c9b7ab7d737619579a33bcc2b	rust-controller/crates/controller-service/tests/service.rs
100644 blob f04f85240c0829b9101a786f4f1618e674bdf1cf	rust-controller/crates/controller-service/tests/support/infrastructure_service.rs
100644 blob e42cb5ee77c5aca22933e1de46983ed537d77cfe	rust-controller/crates/controller-service/tests/support/observation_service.rs
100644 blob e500d7a4e820ecfbd0a56ce8f66eac793ccad88a	rust-controller/crates/event-journal/Cargo.toml
100644 blob 15c3add341c224dfed143ce0b819cfe0abec0ddf	rust-controller/crates/event-journal/src/canonical.rs
100644 blob 0602a0b7dbac3b50047afd728870c9517ed75ee0	rust-controller/crates/event-journal/src/event.rs
100644 blob aba93af4ed568c237999506bfe94b20862465494	rust-controller/crates/event-journal/src/lib.rs
100644 blob 266698aebd41597c3732aa72118d4e47a7437fdd	rust-controller/crates/operation-controller/Cargo.toml
100644 blob 370f43288139503551b82078a4bcd124aa1a92a2	rust-controller/crates/operation-controller/examples/native_fake.rs
100644 blob 73ba7ac30d70d5ab73a136c491d247f0f9cfb642	rust-controller/crates/operation-controller/proof_support/mod.rs
100644 blob 5cd0a794e43a912cc271a58284d6f88270427be5	rust-controller/crates/operation-controller/src/controller.rs
100644 blob a26a2d247062d711e10544d3afc34b42ef6d1cc7	rust-controller/crates/operation-controller/src/decision.rs
100644 blob 0fd9c4b2490d03d53c8f80444dddb3ba54320cbc	rust-controller/crates/operation-controller/src/lib.rs
100644 blob 88e48ccf1477c1b14170389f0d1adafce18f753d	rust-controller/crates/operation-controller/src/osdeploy.rs
100644 blob 7895a11808eca435e7abf1e372c33ab3dd2101db	rust-controller/crates/operation-controller/src/osdeploy/admission.rs
100644 blob 599d624a8a0b10b42116c82a8ff0af88c08e6256	rust-controller/crates/operation-controller/src/osdeploy/collect.rs
100644 blob 1dce86aead475939b83e65ae07b69aa2943e8360	rust-controller/crates/operation-controller/src/osdeploy/send.rs
100644 blob 2954a08f3dba1ee4ed4478656d9cd9334f137c93	rust-controller/crates/operation-controller/tests/decision.rs
100644 blob ef3b52a47fcab642d35d52709041d123bd4f4ac2	rust-controller/crates/operation-controller/tests/fixture_prefix_process/mod.rs
100644 blob 3ee3ee9e0ff48db6795a262edb8847ccb3514425	rust-controller/crates/operation-controller/tests/postgres_fixture_clone.rs
100644 blob dbfc2feea48e7e229f869a45271382a74a4a91c6	rust-controller/crates/operation-controller/tests/postgres_fixture_workers.rs
100644 blob 6f9d61d7d6e09e83ea3c619247281a2bc3dc5f9b	rust-controller/crates/operation-controller/tests/postgres_native.rs
100644 blob ffa4b5e3a0ca4234cd198cfc69db3b0c71da508f	rust-controller/crates/operation-controller/tests/postgres_osdeploy.rs
100644 blob 6d92b906e640f97220aed2b659ddb732bfcde322	rust-controller/crates/osdeploy-adapter/Cargo.toml
100644 blob d7b8d2bbcce87b31ccb22fa892745778f8693120	rust-controller/crates/osdeploy-adapter/src/disk_boot_boundary.rs
100644 blob 7c33a103241fb57641f00697e3810b3990bb26de	rust-controller/crates/osdeploy-adapter/src/guest_action.rs
100644 blob 498f53c45807bb6d208f7109e9848b42356cf5e4	rust-controller/crates/osdeploy-adapter/src/heartbeat_boundary.rs
100644 blob f45b29fc538b4e379d22a90e5b2c72b6a0c0f1b9	rust-controller/crates/osdeploy-adapter/src/input_values.rs
100644 blob a09ba53623d6bda37cf7ee6e0a9674d6821fdbaa	rust-controller/crates/osdeploy-adapter/src/install_agent_boundary.rs
100644 blob b3a6c7972a6b36649e2d6713df80839c7a00172f	rust-controller/crates/osdeploy-adapter/src/install_qga_boundary.rs
100644 blob 2c82def70a1e87093dd51470b65d9b4e3d09f9e1	rust-controller/crates/osdeploy-adapter/src/lib.rs
100644 blob ffb0e698c5da4a4bee69f0bcd55e9bdf3080524a	rust-controller/crates/osdeploy-adapter/src/operational_boundary.rs
100644 blob ae9d7924747244b20dd3abf5f10a794f57b2ef85	rust-controller/crates/osdeploy-adapter/src/pe_complete_boundary.rs
100644 blob 03cf9a3a44f89fa35c73b1224bbf4d3929a8b3fc	rust-controller/crates/osdeploy-adapter/src/pe_register_authority.rs
100644 blob 526a49f83b41656c19bb9224b51e8a42672699d0	rust-controller/crates/osdeploy-adapter/src/pe_register_callback.rs
100644 blob 491b8646fbcac4a06fe9bc1d2202b6731c284bb4	rust-controller/crates/osdeploy-adapter/src/pe_registration_precision.rs
100644 blob 77a5bd00ff86c484404cf824bb1af9df5e699e03	rust-controller/crates/osdeploy-adapter/src/pe_shutdown_boundary.rs
100644 blob de8b4f3062ead62c1bbd7219ddd67138a78116b7	rust-controller/crates/osdeploy-adapter/src/plan.rs
100644 blob 57f53ef81c2163d0c898f25657204a34d0fbbdf5	rust-controller/crates/osdeploy-adapter/src/provisioning.rs
100644 blob dea7ec05f9aa429d21ae0d8ea9abc58b4cf1b153	rust-controller/crates/osdeploy-adapter/src/restore.rs
100644 blob 33d9e326d15a5ddb9fea187b993b4d87d94cc2e3	rust-controller/crates/osdeploy-adapter/src/restore/wire.rs
100644 blob ad06787bd3325b89f1024ee9763e5fd80c910680	rust-controller/crates/osdeploy-adapter/src/stages.rs
100644 blob 0807b68d99fa7f938e67cc82b49bc6171959c66f	rust-controller/crates/osdeploy-adapter/src/start_pe_arming.rs
100644 blob efe80bd75075efeb52ecf0cd04e6f5a8155bf339	rust-controller/crates/osdeploy-adapter/src/verify_qga_boundary.rs
100644 blob 090a5dbfafc5876d14f5c4f0fe6865dc1b1321e0	rust-controller/crates/osdeploy-adapter/src/watchdog_boundary.rs
100644 blob a3a18097f23ffc6b5eb51c7f5aa2fbbff7c12cfb	rust-controller/crates/osdeploy-adapter/tests/disk_boot_boundary.rs
100644 blob 520f5b37b53691733969bfbba3982b6f1ce3a2de	rust-controller/crates/osdeploy-adapter/tests/fixtures/plan-v1.json
100644 blob cb8d70ef3d75be93b98dd203a6b253ee7eb76b51	rust-controller/crates/osdeploy-adapter/tests/guest_action.rs
100644 blob 09bde2961b2aa5777c0bae148b95b1c823a02d90	rust-controller/crates/osdeploy-adapter/tests/heartbeat_boundary.rs
100644 blob 1edbab563b1baa58bf9062f044c761dcabe33363	rust-controller/crates/osdeploy-adapter/tests/input_values.rs
100644 blob dcca916b86ba325a27e051ba150999f5f55896e2	rust-controller/crates/osdeploy-adapter/tests/install_agent_boundary.rs
100644 blob 842963fb99df2e9582ea1ff375f545dfb24c0085	rust-controller/crates/osdeploy-adapter/tests/install_qga_boundary.rs
100644 blob c6fed5a573c3f6a043f7f7add4c3476ac3ff1826	rust-controller/crates/osdeploy-adapter/tests/operational_boundary.rs
100644 blob 0191dfeef3cabb9c49f7053fa764af1eeda956d4	rust-controller/crates/osdeploy-adapter/tests/pe_complete_boundary.rs
100644 blob 3a925123a87faabaa1523cee19b307e8698510ce	rust-controller/crates/osdeploy-adapter/tests/pe_register_authority.rs
100644 blob b1ded8cd7475a584052e2b6260d9c2915b4830ac	rust-controller/crates/osdeploy-adapter/tests/pe_register_callback.rs
100644 blob 3a47066bcbb05bc5c95f8d2c422d8dd15219ebb9	rust-controller/crates/osdeploy-adapter/tests/pe_registration_precision.rs
100644 blob 0d0dea95aaaabbfea9e510cec03539c6a120e1ee	rust-controller/crates/osdeploy-adapter/tests/pe_shutdown_boundary.rs
100644 blob 9ebc1825965a8faf70789ce977617677efe48439	rust-controller/crates/osdeploy-adapter/tests/plan.rs
100644 blob 43b7179f7be6411609fdf2990985e2ad4472048b	rust-controller/crates/osdeploy-adapter/tests/provisioning.rs
100644 blob 3e526b941923469bbac7741ee2f804580b6881bb	rust-controller/crates/osdeploy-adapter/tests/restore.rs
100644 blob a226c9441f675e755ce13c2abd0ed92e7f90189f	rust-controller/crates/osdeploy-adapter/tests/stages.rs
100644 blob 5c916ea7ed7b284a622c635ea9cc1e0eeb087834	rust-controller/crates/osdeploy-adapter/tests/start_pe_arming.rs
100644 blob 5217bdac45dab3d5b72b4349c26b62ca4c29a58a	rust-controller/crates/osdeploy-adapter/tests/verify_qga_boundary.rs
100644 blob 28f83b22f970ce807919bb9174fe2150d70b752b	rust-controller/crates/osdeploy-adapter/tests/watchdog_boundary.rs
100644 blob 9ae53c1f1a2b4536df53640079af6730df75d473	rust-controller/crates/postgres-store/Cargo.toml
100644 blob 4897b493e4dd05a346cb9ed7fcbabe9cec271fb4	rust-controller/crates/postgres-store/migrations/0001_foundation.sql
100644 blob 29538a5c74aa745169c105fcfc6939bf99e9a6f0	rust-controller/crates/postgres-store/migrations/0002_scheduler.sql
100644 blob 08bedc30d0c59e68b356180d79a8895a2eba4c84	rust-controller/crates/postgres-store/migrations/0003_native_pve.sql
100644 blob 2997d0d65954ff1edf479e52bc6ef391e635676d	rust-controller/crates/postgres-store/migrations/0004_osdeploy_registration.sql
100644 blob 3fd2a4a22bcfaa8b3d7d47b0ec5b7a6d58997381	rust-controller/crates/postgres-store/migrations/0005_osdeploy_durability.sql
100644 blob 9fae475030cafbe7b649204f9725271e7a27ca52	rust-controller/crates/postgres-store/migrations/0006_fixture_pe_boot_sessions.sql
100644 blob fc040bdcf1c50a6d3dfd021039bb37d2ef74bd93	rust-controller/crates/postgres-store/migrations/0007_fixture_osdeploy_origins.sql
100644 blob f0c496cd004ce25d6dfee8129b67b917ff564c67	rust-controller/crates/postgres-store/migrations/0008_fixture_pe_credential_aliases.sql
100644 blob 22e6b7ab2173707a03d22d8e6e4bd995dbd01901	rust-controller/crates/postgres-store/migrations/0009_fixture_delivery_policy.sql
100644 blob 0eb26798d74b39c32624f1023906acd24311acc5	rust-controller/crates/postgres-store/migrations/0010_fixture_credential_delivery.sql
100644 blob b074349205013fcfb96df7398120d87a93b73f3f	rust-controller/crates/postgres-store/migrations/0011_fixture_delivery_reclaim.sql
100644 blob b01cbe50d6f18eb608dc262a5a5787f977d77d66	rust-controller/crates/postgres-store/migrations/0012_fixture_pe_registration.sql
100644 blob 49eccaf2f6e880cc34b6e1488e5758a38091a737	rust-controller/crates/postgres-store/migrations/0013_fixture_completion_package.sql
100644 blob 03ab6def7a91ec8b71325d91012cbd65ed4e32a3	rust-controller/crates/postgres-store/migrations/0014_fixture_pe_completion.sql
100644 blob 4a0a008f903ad65f75d73aef1d7a86e492cb6747	rust-controller/crates/postgres-store/schema/start_pe_session_proposals_v1.sql
100644 blob f28980c7cf3106f3d97dc8f058aad9c10a7c5159	rust-controller/crates/postgres-store/src/health.rs
100644 blob 7e1b5d0da2a6d5b891d1a293fdb574c397d76f77	rust-controller/crates/postgres-store/src/lib.rs
100644 blob 7be98b4f4abc77e96be65e5ee581852aa94f6130	rust-controller/crates/postgres-store/src/native.rs
100644 blob 40d188b49184c270c92730fef66e15bc5a387178	rust-controller/crates/postgres-store/src/native/records.rs
100644 blob e1a9aa0bf8e510b2da6246b37a8c47b5ac044ef8	rust-controller/crates/postgres-store/src/osdeploy.rs
100644 blob 6afe26d9d2a02384b7cffb6b9bade65dfd5a2deb	rust-controller/crates/postgres-store/src/osdeploy/execution.rs
100644 blob ed556373acc8ef872082abae6c045da92f090f3e	rust-controller/crates/postgres-store/src/osdeploy/execution/history.rs
100644 blob 310ddce5ca2ec40c381d38d52868f2e049724b5b	rust-controller/crates/postgres-store/src/osdeploy/execution/load.rs
100644 blob 5cde27dd4b43fb93410e6d055e4d0c2257f9bb5c	rust-controller/crates/postgres-store/src/osdeploy/execution/wire.rs
100644 blob ade8fa16284c24e243914781f3e7c874ecc73558	rust-controller/crates/postgres-store/src/osdeploy/package_semantics.rs
100644 blob 92769bcad0cb83793d2390b636af3b3932a0b1b4	rust-controller/crates/postgres-store/src/osdeploy/records.rs
100644 blob 4f05772f97f9b5e4d93ca1b3e7b9421365542a6f	rust-controller/crates/postgres-store/src/osdeploy/registration.rs
100644 blob b7f8d84632c7ad0e612747e2d0fde9c2946fbaa6	rust-controller/crates/postgres-store/src/osdeploy/stage.rs
100644 blob f90bf5394adeb2fc26c63a6a2403905e695d53fc	rust-controller/crates/postgres-store/src/pe_register_result.rs
100644 blob 3e490d7c369289499516008a05764b8b781b62c2	rust-controller/crates/postgres-store/src/pe_register_result_probe.rs
100644 blob 5d1066d7cfcecfbf83460a5007d3c1cfa9d9bf88	rust-controller/crates/postgres-store/src/scheduler.rs
100644 blob 241a1cd67bd97b5fa1416dcba40a1ec9c63c4d8b	rust-controller/crates/postgres-store/src/scheduler/authority.rs
100644 blob 9ef7d4585c94ffee42cb2ce4b3d64b09c7e1c431	rust-controller/crates/postgres-store/src/scheduler/lease.rs
100644 blob 8f9ceff9b482172d76754411b7ea37db29a895b5	rust-controller/crates/postgres-store/src/scheduler/native.rs
100644 blob 96e08fd4ec04c7fc938d0e2b1fb78cb4b326c2db	rust-controller/crates/postgres-store/src/scheduler/native/context.rs
100644 blob fee3f5b8ae54b971c71f553ce843185a221096dc	rust-controller/crates/postgres-store/src/scheduler/osdeploy.rs
100644 blob d99c93ba2105f7db54e9f5ad5769db443f6d4f9d	rust-controller/crates/postgres-store/src/scheduler/osdeploy/decision.rs
100644 blob 6c3f7004b31ba34543be6ec32c7f73af5b4c5523	rust-controller/crates/postgres-store/src/scheduler/osdeploy/discovery.rs
100644 blob 458961fd0b800647e78ca000f8a403fb626ae0bc	rust-controller/crates/postgres-store/src/scheduler/osdeploy/fixture_completion.rs
100644 blob c73675945fef9018bfa8fe5e26bb14d47f19e5bb	rust-controller/crates/postgres-store/src/scheduler/osdeploy/fixture_credential.rs
100644 blob 462c4c5826bc18888ea4a4cdc205de4ee3ff55c5	rust-controller/crates/postgres-store/src/scheduler/osdeploy/fixture_delivery.rs
100644 blob 9f80eb15febbb757d83fda9d0dfa83571ba61b04	rust-controller/crates/postgres-store/src/scheduler/osdeploy/fixture_registration.rs
100644 blob f6e094fa3dcadb10a6f4d036f20b566823d86e46	rust-controller/crates/postgres-store/src/scheduler/osdeploy/fixture_stop.rs
100644 blob 82ec8349c46165cd173b2a3758b8603dbde2bda2	rust-controller/crates/postgres-store/src/scheduler/osdeploy/lifecycle.rs
100644 blob 41e0f87caf0caf7069615cc5c006e6432dd6f76f	rust-controller/crates/postgres-store/src/scheduler/osdeploy/pve.rs
100644 blob 699717d3277ba19c2cbcee4ac075b9b30104ded5	rust-controller/crates/postgres-store/src/scheduler/osdeploy/receipt.rs
100644 blob 05740d631ea8b65b12375c315ce7102f813b846a	rust-controller/crates/postgres-store/src/scheduler/osdeploy/recovery.rs
100644 blob 5c08e4fe5775703b6bd670120b95aa7685ac225a	rust-controller/crates/postgres-store/src/scheduler/osdeploy/transaction.rs
100644 blob 5845b27f27b9e066bbe3d6141b04ac04ef17fc48	rust-controller/crates/postgres-store/src/scheduler/osdeploy/transition.rs
100644 blob 5762a7c3bded241a2a4e3ec6438c6a081950768c	rust-controller/crates/postgres-store/src/start_pe_session.rs
100644 blob 696ec891026dea41c89b1c625aa6c6cd8ff3663e	rust-controller/crates/postgres-store/src/store.rs
100644 blob e2b753c9d1afb77c2f62d17d7e9e5cc3cba72849	rust-controller/crates/postgres-store/tests/docker_fixture_storage.rs
100644 blob 46015e1c9112c013cf6e31ae793bdcdbb3642a58	rust-controller/crates/postgres-store/tests/native.rs
100644 blob 50edd31a3cbac0a90b6729eccefc9dc9d9188fe2	rust-controller/crates/postgres-store/tests/osdeploy_durability.rs
100644 blob bd707b07562b299e902f49c8ec0865e3dffe65c6	rust-controller/crates/postgres-store/tests/osdeploy_execution_support/mod.rs
100644 blob 2370d2269194a67c9731fde44dcf08758564074c	rust-controller/crates/postgres-store/tests/osdeploy_permit_seam.rs
100644 blob 64d73da2787adc1b47e0819443264925228cc9bd	rust-controller/crates/postgres-store/tests/osdeploy_registration.rs
100644 blob 266a4c2b8accad3956da821c12971151d9a27273	rust-controller/crates/postgres-store/tests/osdeploy_support/mod.rs
100644 blob 3fc199faf21a0d8ff04bc3deaa6f5dc7898ef397	rust-controller/crates/postgres-store/tests/pe_register_result_gate.rs
100644 blob 438d8b95d5f8d2b0d1c7fa8d5cd4cfdeb0d11478	rust-controller/crates/postgres-store/tests/pe_register_result_transaction.rs
100644 blob fbbcdc95e1fa38a5355929f4b0e4c9ee3801616a	rust-controller/crates/postgres-store/tests/postgres.rs
100644 blob 8b49f5323720e03ccc87eb31138dfdb62090b05a	rust-controller/crates/postgres-store/tests/start_pe_arming_gate.rs
100644 blob aae9320b6bd41cd8d9668483137fa7a94c3b7b3e	rust-controller/crates/postgres-store/tests/support/mod.rs
100644 blob f0a984c560f08fc1a48ca1777b6be5b9e95df287	rust-controller/crates/pve-port/Cargo.toml
100644 blob d746072daf7d40ff0299f61f042d97ba74128272	rust-controller/crates/pve-port/src/credentials.rs
100644 blob 8b3b8cc6f4a51eb7b2869d78096b7190c0f02fdc	rust-controller/crates/pve-port/src/fake.rs
100644 blob 8a5332a5b12d86f8a8a91bb0e833c396e03c6c7c	rust-controller/crates/pve-port/src/fixture_ipc.rs
100644 blob c70116507c491431ce747bd706a337b70dd3e487	rust-controller/crates/pve-port/src/fixture_ipc/stage.rs
100644 blob 274cdcc971b3add7743e7023cd1254f8091e8b3c	rust-controller/crates/pve-port/src/fixture_support/checkpoint.rs
100644 blob 4521e67c5ee0b1688df771cb9acc4ca6202c9b1d	rust-controller/crates/pve-port/src/fixture_support/clone_mutation.rs
100644 blob 1ad4f9a4f8660b1d62710f5df79b877977915364	rust-controller/crates/pve-port/src/fixture_support/clone_reads.rs
100644 blob 090ea8da16fba2dbaa71fdfdbd52d5faf8c080d5	rust-controller/crates/pve-port/src/fixture_support/durable_fixture_log.rs
100644 blob 163f4c4d13a11a5c46fd2719f77c73c4967bdc37	rust-controller/crates/pve-port/src/fixture_support/fixture_daemon.rs
100644 blob b4d3b99907fa3920d0030a128925d3f8057f3530	rust-controller/crates/pve-port/src/fixture_support/inventory_read.rs
100644 blob 483d776706b42194c93f0469bfda2077505987d0	rust-controller/crates/pve-port/src/fixture_support/late_authorization.rs
100644 blob 51d348853cc3f6c046103e2a1c921a464d5455b3	rust-controller/crates/pve-port/src/fixture_support/mod.rs
100644 blob 0098fbd24108c6c9a209438e86e4934d7ab44e49	rust-controller/crates/pve-port/src/fixture_support/post_dispatch.rs
100644 blob 155d663ce99a8d7bede4f2e1f9c3876af63b5dd7	rust-controller/crates/pve-port/src/fixture_support/post_dispatch_publication.rs
100644 blob 668b148e1fd82cb4d3f18c1f9330ecd45adb5ff2	rust-controller/crates/pve-port/src/fixture_support/provisioning_port.rs
100644 blob 287b97a07eb6e00047cfbb5ea644e15be9d46064	rust-controller/crates/pve-port/src/fixture_support/provisioning_port/late_configure.rs
100644 blob 5441aca082ad1f80813e084c6ac6a6c89dcee33e	rust-controller/crates/pve-port/src/fixture_support/provisioning_port/legacy_resize.rs
100644 blob 30c68ea3ce3aa05d979a5d0ffeee6a35fccc15e5	rust-controller/crates/pve-port/src/fixture_support/provisioning_port/start_validation.rs
100644 blob 6afd0a8b77a81121150adeb001a1e2288c1a23d8	rust-controller/crates/pve-port/src/fixture_support/provisioning_reads.rs
100644 blob 8cf0f4206d1b13703875119c96084b0228a7659e	rust-controller/crates/pve-port/src/fixture_support/read_client.rs
100644 blob daee51502371e0ddbfb9b631faf9713d989e3f1a	rust-controller/crates/pve-port/src/fixture_support/snapshot.rs
100644 blob c42de297b43976ac72cb9d9e98432678f4308023	rust-controller/crates/pve-port/src/fixture_support/stage_checkpoint.rs
100644 blob b66f09c2f5b242143f2a4103bf8b7254627a555c	rust-controller/crates/pve-port/src/fixture_support/stage_effect.rs
100644 blob b0ea5514e3524d59b7dfd065879aa68d0dca2e83	rust-controller/crates/pve-port/src/fixture_support/stage_identity.rs
100644 blob 57af511dc3dbd35a5e48d36da07928cc81010cd1	rust-controller/crates/pve-port/src/fixture_support/stage_inventory.rs
100644 blob aeda522008f9e4884e84f150cf2b68e9e596eb3c	rust-controller/crates/pve-port/src/fixture_support/start_authorization.rs
100644 blob 1bbb1cff201b8c5494e5bb96bea07eb5b05493bc	rust-controller/crates/pve-port/src/fixture_support/start_full.rs
100644 blob c7706a3a6fae00cd92a2e2ac507ec275cd22354b	rust-controller/crates/pve-port/src/fixture_support/start_observation.rs
100644 blob a1ece2eba860199de454f282eaac5fd141bed8fc	rust-controller/crates/pve-port/src/fixture_support/start_restoration.rs
100644 blob 8378e1847ca31476009d595e49f6bd9d7eaced9e	rust-controller/crates/pve-port/src/fixture_support/task.rs
100644 blob a88f42954dbb8ba508089eb41a88b8dcf41b6660	rust-controller/crates/pve-port/src/infrastructure_visibility.rs
100644 blob 72636b95b0dcb1b1a724de829339df4b673ecfeb	rust-controller/crates/pve-port/src/lib.rs
100644 blob 1d302790146776860b31a62c143e3f8d92b34662	rust-controller/crates/pve-port/src/model.rs
100644 blob ab354d52598fa832cff38a302c774c968a2bf8a3	rust-controller/crates/pve-port/src/native.rs
100644 blob f605d1fab9cbad290dbd2b1e0a6de016af519ff4	rust-controller/crates/pve-port/src/native/evaluation.rs
100644 blob 277cbada01ea05791e490f964ccec478dc18c983	rust-controller/crates/pve-port/src/native/evidence.rs
100644 blob 257fc133602cb00b5faf1ba758f74a16a06203d6	rust-controller/crates/pve-port/src/native_fake.rs
100644 blob 695eaa375f38866cf2994026d083611dcd5d5dc1	rust-controller/crates/pve-port/src/native_fake/provisioning.rs
100644 blob 86f46401ac17fbb3da5f36070c48290dcf8721d8	rust-controller/crates/pve-port/src/native_fake/provisioning/controls.rs
100644 blob e7fded9eaeede50e73c8b82ef04b651627a03370	rust-controller/crates/pve-port/src/native_fake/provisioning/world.rs
100644 blob fb65d73f8519e18381ea5d0bca1da9d34e54e2a4	rust-controller/crates/pve-port/src/observer.rs
100644 blob c2123045caf96f229899607478ba4cc3d06ae8c7	rust-controller/crates/pve-port/src/preflight.rs
100644 blob 1e514a4bef9bdce352d77a15a81c57b3c3ab2c7e	rust-controller/crates/pve-port/src/preflight/serde_wire.rs
100644 blob 6fd18ad6fbd35d6dd61b36b03136d7ae8723f580	rust-controller/crates/pve-port/src/provisioning.rs
100644 blob 6d2298b70145352bef79114c0b8ebdc29cb2aa39	rust-controller/crates/pve-port/src/provisioning/config.rs
100644 blob 7ab7a1137f361c28550545e50ac14ba96ea0e952	rust-controller/crates/pve-port/src/provisioning/evaluation.rs
100644 blob 6744a811179bb8abfd6dcfa154084f564edb25e2	rust-controller/crates/pve-port/src/provisioning/evaluation/context.rs
100644 blob 74d675d23f1bad045ecd184b28c228f789f5a4c5	rust-controller/crates/pve-port/src/provisioning/evaluation/observations.rs
100644 blob e4d2668c4939b09bd773915aa55ebe8f12c824b9	rust-controller/crates/pve-port/src/provisioning/evaluation/outcome.rs
100644 blob 32a620dbef38eabb4316f630c529ca583888feae	rust-controller/crates/pve-port/src/provisioning/evidence.rs
100644 blob 34957aa02f363448eb3b4f8107efa5e8e3716201	rust-controller/crates/pve-port/src/provisioning/evidence/identity.rs
100644 blob 380a6757693ff18f14d6e49ccf330b6219c34b53	rust-controller/crates/pve-port/src/provisioning/evidence/validation.rs
100644 blob e1315da24ea06eb4dd859e31fcc59bef43d1a474	rust-controller/crates/pve-port/src/provisioning/evidence/wire.rs
100644 blob b5a8b11d328fd1d26a5e9ab3fbe53343e079934e	rust-controller/crates/pve-port/src/provisioning/expectations.rs
100644 blob bf55008c6c4292ecb410daf9ac75cde19da1bc54	rust-controller/crates/pve-port/src/provisioning/requests.rs
100644 blob d879d23c781f9e23803a5a91c13e9e84786fb282	rust-controller/crates/pve-port/src/provisioning/requests/state.rs
100644 blob aaab3972ce3687ec29e1ed565a1386902610a2f6	rust-controller/crates/pve-port/src/provisioning/requests/wire.rs
100644 blob 36b583e4c768ffc667fd02143f64d52167736e70	rust-controller/crates/pve-port/src/provisioning/serde_wire.rs
100644 blob a296b40df9abe8f8cc819dee6fb0d3a76156ec13	rust-controller/crates/pve-port/src/visibility.rs
100644 blob c164aa7cdd9cfe9d430e42a73eb3f2050c8f9ab0	rust-controller/crates/pve-port/tests/credentials.rs
100644 blob fa95429dd5ec52eac28010ee72285d8bb5e486af	rust-controller/crates/pve-port/tests/durable_fixture_log.rs
100644 blob 68a56acec84d884f6682e685c9201dffc757b3ee	rust-controller/crates/pve-port/tests/fixture_checkpoint.rs
100644 blob 248a6796c3063b9da26e8c8493cc50583ef89a19	rust-controller/crates/pve-port/tests/fixture_clone_contract.rs
100644 blob 8878368883b1f58df9f127e74bbbea539efb2447	rust-controller/crates/pve-port/tests/fixture_controller_admission.rs
100644 blob ab374038e0b50e9400dc6ef2b7da7cd129344188	rust-controller/crates/pve-port/tests/fixture_daemon.rs
100644 blob 2ece37c32f5b20831c3db83e02d17b9d1190360f	rust-controller/crates/pve-port/tests/fixture_inventory_projection.rs
100644 blob 39933b6842d8c1dad86e22aab91f7380fdb58220	rust-controller/crates/pve-port/tests/fixture_inventory_v2.rs
100644 blob d552ca091065afc5ef2dcff424b52ea7a9b7a180	rust-controller/crates/pve-port/tests/fixture_legacy_resize.rs
100644 blob 0b59f90ca2102a5593c2d37f139ef01d986d0a81	rust-controller/crates/pve-port/tests/fixture_post_dispatch.rs
100644 blob ec5c865a5ea151eb5e5393f02dc5772428a75bcf	rust-controller/crates/pve-port/tests/fixture_provisioning_reads.rs
100644 blob ad5897d52df3417d84961d0b61de17e60ec9a393	rust-controller/crates/pve-port/tests/fixture_read_client.rs
100644 blob b6fe6ed92944121a3ae0b79c8864e8178c19499a	rust-controller/crates/pve-port/tests/fixture_stage.rs
100644 blob 0039965b3bba6450061d882eaa6bcc7b0ae14928	rust-controller/crates/pve-port/tests/fixture_stage_consumers.rs
100644 blob 3f142c56ad2482e95c02d2ea63037ba74ce62743	rust-controller/crates/pve-port/tests/fixture_task.rs
100644 blob cf0bfa1508718abf4a85ee4339d1fb984483b5d3	rust-controller/crates/pve-port/tests/infrastructure_visibility.rs
100644 blob 8d425d110fa648b1c489a7f62d37e637d170e16b	rust-controller/crates/pve-port/tests/infrastructure_visibility_http.rs
100644 blob ab48625b9925dc69997eaf925bcd0c8dc90a5aa8	rust-controller/crates/pve-port/tests/native_contract.rs
100644 blob 8bb5ba55829e50aaeedbe2a447d205c4ecb1f17e	rust-controller/crates/pve-port/tests/network_deny.rs
100644 blob a6c4b7bf3e9d587ea663779c9aced4464701536c	rust-controller/crates/pve-port/tests/preflight.rs
100644 blob 874d2cfa7c0b1176a4a858944e651cdcf26ff599	rust-controller/crates/pve-port/tests/provisioning_config.rs
100644 blob 7d44b2273a93f17b040c84fa66ffe53ff56b933c	rust-controller/crates/pve-port/tests/provisioning_evaluation.rs
100644 blob 73eb8f44ae5ead6f8198688c083023a8096402bd	rust-controller/crates/pve-port/tests/provisioning_expectations.rs
100644 blob 9027eb00c7da50e4db41b028c42faa49f15d13bf	rust-controller/crates/pve-port/tests/provisioning_fake.rs
100644 blob e7d503def545a6e1955a2f743c623cad69d1d409	rust-controller/crates/pve-port/tests/provisioning_requests.rs
100644 blob 0386db33885bb5c40a9f47ec3b0712544fbcf29b	rust-controller/crates/pve-port/tests/provisioning_seed_support/mod.rs
100644 blob f43c72d79010659b8c9c4c543571d4e14f3bc78e	rust-controller/crates/pve-port/tests/provisioning_support/mod.rs
100644 blob 027637056e2d70923e834a031df052b782cbd2ed	rust-controller/crates/pve-port/tests/provisioning_support/world.rs
100644 blob a564d15fc7bf581f7c2905823987ed7882dbd32b	rust-controller/crates/pve-port/tests/start_full_process/mod.rs
100644 blob 1ab0b104e2c741adf42fad8037d1ebdb166f76e6	rust-controller/crates/pve-port/tests/support/mod.rs
100644 blob aab23cd17dea2bf924a10802eb90981d10f88982	rust-controller/crates/pve-port/tests/visibility.rs
100644 blob cff4e636117b890465d5a83d9dd235ee39193a08	rust-controller/crates/pve-port/tests/visibility_http.rs
100644 blob 9ff893ce8e520a6c99a40b40117bf3d2fd1c41a0	rust-controller/crates/scheduler/Cargo.toml
100644 blob 927106c6dea4520c0f351e951039e432add26b17	rust-controller/crates/scheduler/src/authority.rs
100644 blob 7ef788e60bbdf946fcca893f3bb4f2ed80d714a9	rust-controller/crates/scheduler/src/lease.rs
100644 blob 35b2a8fea974cb1746497fb1063c7290866a565e	rust-controller/crates/scheduler/src/lib.rs
100644 blob dcc30cf6574888fe3978d5b0ec2047a3518bdf68	rust-controller/crates/scheduler/tests/postgres.rs
